// Jest Snapshot v1, https://goo.gl/fbAQLP

exports[`Home page matches snapshot 1`] = `
<DocumentFragment>
  .c0 {
  border: 1px solid red;
}

<div>
    You're signed in as  and you're  goto 
    <button
      class="c0"
    >
      Test Button
    </button>
  </div>
</DocumentFragment>
`;
