// Jest Snapshot v1, https://goo.gl/fbAQLP

exports[`Home page matches snapshot 1`] = `
<DocumentFragment>
  <h1
    class="sc-bdfBwQ kszwFW"
  >
    My page
  </h1>
</DocumentFragment>
`;
